// Jest Snapshot v1, https://goo.gl/fbAQLP

exports[`App renders 1`] = `
<div>
  <MapView
    bikeData={
      Object {
        "features": Array [],
        "type": "FeatureCollection",
      }
    }
  />
  <div
    className="overlay"
  >
    <h1
      className="margin-bottom-10"
    >
      Rentable Bikes in Washington, DC
    </h1>
    <p>
      Explore bikes available to rent from Capital Bikeshare and JUMP.
    </p>
  </div>
</div>
`;
